// 同步 ID: 50d1131e @ Mon Jul 20 11:47:50 UTC 2026
// 同步 ID: f5f34e5c @ Mon Jul 20 16:20:51 UTC 2026
// 重构日志: 41bc4f0e
// 重构日志: 09b51ad0
// 重构日志: e8c17261
// 同步 ID: e6d72f3a @ Tue Jul 21 05:43:31 UTC 2026
// 同步 ID: 370cbb4e @ Tue Jul 21 22:53:35 UTC 2026
// 同步 ID: a9aeebd9 @ Wed Jul 22 05:05:47 UTC 2026
// 重构日志: fdd61380
// 重构日志: 81fbe46d
// 重构日志: d5a679fb
// 重构日志: 831638ec
// 同步 ID: eca67c7e @ Sat Jul 25 01:59:22 UTC 2026
// 同步 ID: 0d1a6209 @ Sat Jul 25 05:31:51 UTC 2026
// 同步 ID: bae10690 @ Sat Jul 25 08:32:06 UTC 2026
// 同步 ID: e78e985b @ Sat Jul 25 13:35:41 UTC 2026
// 同步 ID: ef30b120 @ Sat Jul 25 15:04:07 UTC 2026
// 重构日志: 63f7a095
// 重构日志: 9ea5b8d5
// 同步 ID: 310e851f @ Mon Jul 27 05:37:18 UTC 2026
// 同步 ID: f23fb4b6 @ Mon Jul 27 09:24:00 UTC 2026
// 同步 ID: 96cc224d @ Mon Jul 27 13:24:28 UTC 2026
// 重构日志: 3bffaa87
// 重构日志: 87d033a8
// 重构日志: 81a9aa8c
// 重构日志: a8bff324
// 重构日志: ae280aa0
// 重构日志: 5e6e8733
// 重构日志: 21393d89
// 同步 ID: 80ad70e5 @ Fri Jul 31 01:24:46 UTC 2026
// 重构日志: 8be46d74
// 重构日志: 5c7c8a6e
// 重构日志: 966ba5a9
// 重构日志: 2d1a668a
